This is pdfTeX, Version 3.141592653-2.6-1.40.29 (TeX Live 2026) (preloaded format=pdflatex 2026.8.9)  9 AUG 2026 00:00
entering extended mode
 restricted \write18 enabled.
 %&-line parsing enabled.
**main.tex
(./main.tex
LaTeX2e <2023-11-01> patch level 1
L3 programming layer <2024-01-22>
(./ieeeconf.cls
Document Class: ieeeconf 2016/4/23 revision V1.6b by Pradeep Misra
\@IEEEtrantmpdimenA=\dimen140
\@IEEEtrantmpdimenB=\dimen141
\@IEEEtrantmpcountA=\count187
\@IEEEtrantmpcountB=\count188
\@IEEEtrantmptoksA=\toks17
LaTeX Font Info:    Trying to load font information for OT1+ptm on input line 7
94.

(/data/projects/tzh/papers/ActMask/.tools/apt-texlive/usr/share/texlive/texmf-d
ist/tex/latex/psnfss/ot1ptm.fd
File: ot1ptm.fd 2001/06/04 font definitions for OT1/ptm.
)
\@IEEEnormalsizefontbaselineskip=\skip48

-- This is a 10 point document.
\normalsizebaselineskip=\skip49
\normaljot=\skip50
LaTeX Font Info:    Font shape `OT1/ptm/bx/n' in size <5> not available
(Font)              Font shape `OT1/ptm/b/n' tried instead on input line 1113.
LaTeX Font Info:    Font shape `OT1/ptm/bx/it' in size <5> not available
(Font)              Font shape `OT1/ptm/b/it' tried instead on input line 1113.

LaTeX Font Info:    Font shape `OT1/ptm/bx/n' in size <7> not available
(Font)              Font shape `OT1/ptm/b/n' tried instead on input line 1113.
LaTeX Font Info:    Font shape `OT1/ptm/bx/it' in size <7> not available
(Font)              Font shape `OT1/ptm/b/it' tried instead on input line 1113.

LaTeX Font Info:    Font shape `OT1/ptm/bx/n' in size <8> not available
(Font)              Font shape `OT1/ptm/b/n' tried instead on input line 1113.
LaTeX Font Info:    Font shape `OT1/ptm/bx/it' in size <8> not available
(Font)              Font shape `OT1/ptm/b/it' tried instead on input line 1113.

LaTeX Font Info:    Font shape `OT1/ptm/bx/n' in size <9> not available
(Font)              Font shape `OT1/ptm/b/n' tried instead on input line 1113.
LaTeX Font Info:    Font shape `OT1/ptm/bx/it' in size <9> not available
(Font)              Font shape `OT1/ptm/b/it' tried instead on input line 1113.

LaTeX Font Info:    Font shape `OT1/ptm/bx/n' in size <10> not available
(Font)              Font shape `OT1/ptm/b/n' tried instead on input line 1113.
LaTeX Font Info:    Font shape `OT1/ptm/bx/it' in size <10> not available
(Font)              Font shape `OT1/ptm/b/it' tried instead on input line 1113.

LaTeX Font Info:    Font shape `OT1/ptm/bx/n' in size <11> not available
(Font)              Font shape `OT1/ptm/b/n' tried instead on input line 1113.
LaTeX Font Info:    Font shape `OT1/ptm/bx/it' in size <11> not available
(Font)              Font shape `OT1/ptm/b/it' tried instead on input line 1113.

LaTeX Font Info:    Font shape `OT1/ptm/bx/n' in size <12> not available
(Font)              Font shape `OT1/ptm/b/n' tried instead on input line 1113.
LaTeX Font Info:    Font shape `OT1/ptm/bx/it' in size <12> not available
(Font)              Font shape `OT1/ptm/b/it' tried instead on input line 1113.

LaTeX Font Info:    Font shape `OT1/ptm/bx/n' in size <16> not available
(Font)              Font shape `OT1/ptm/b/n' tried instead on input line 1113.
LaTeX Font Info:    Font shape `OT1/ptm/bx/it' in size <16> not available
(Font)              Font shape `OT1/ptm/b/it' tried instead on input line 1113.

LaTeX Font Info:    Font shape `OT1/ptm/bx/n' in size <20> not available
(Font)              Font shape `OT1/ptm/b/n' tried instead on input line 1113.
LaTeX Font Info:    Font shape `OT1/ptm/bx/it' in size <20> not available
(Font)              Font shape `OT1/ptm/b/it' tried instead on input line 1113.

LaTeX Font Info:    Font shape `OT1/ptm/bx/n' in size <24> not available
(Font)              Font shape `OT1/ptm/b/n' tried instead on input line 1113.
LaTeX Font Info:    Font shape `OT1/ptm/bx/it' in size <24> not available
(Font)              Font shape `OT1/ptm/b/it' tried instead on input line 1113.

\IEEEilabelindentA=\dimen142
\IEEEilabelindentB=\dimen143
\IEEEilabelindent=\dimen144
\IEEEelabelindent=\dimen145
\IEEEdlabelindent=\dimen146
\labelindent=\dimen147
\IEEEiednormlabelsep=\dimen148
\IEEEiedmathlabelsep=\dimen149
\IEEEiedtopsep=\skip51
\c@section=\count189
\c@subsection=\count190
\c@subsubsection=\count191
\c@paragraph=\count192
\c@IEEEsubequation=\count193
\abovecaptionskip=\skip52
\belowcaptionskip=\skip53
\c@figure=\count194
\c@table=\count195
\@IEEEeqnnumcols=\count196
\@IEEEeqncolcnt=\count197
\@IEEEtmpitemindent=\dimen150
\c@biography=\count198
\@IEEEtranrubishbin=\box51
)
** ATTENTION: Overriding command lockouts (line 2).
** ATTENTION: Overriding IEEE standard margins (line 3).

(/data/projects/tzh/papers/ActMask/.tools/apt-texlive/usr/share/texlive/texmf-d
ist/tex/latex/amsmath/amsmath.sty
Package: amsmath 2023/05/13 v2.17o AMS math features
\@mathmargin=\skip54

For additional information on amsmath, use the `?' option.

(/data/projects/tzh/papers/ActMask/.tools/apt-texlive/usr/share/texlive/texmf-d
ist/tex/latex/amsmath/amstext.sty
Package: amstext 2021/08/26 v2.01 AMS text

(/data/projects/tzh/papers/ActMask/.tools/apt-texlive/usr/share/texlive/texmf-d
ist/tex/latex/amsmath/amsgen.sty
File: amsgen.sty 1999/11/30 v2.0 generic functions
\@emptytoks=\toks18
\ex@=\dimen151
))
(/data/projects/tzh/papers/ActMask/.tools/apt-texlive/usr/share/texlive/texmf-d
ist/tex/latex/amsmath/amsbsy.sty
Package: amsbsy 1999/11/29 v1.2d Bold Symbols
\pmbraise@=\dimen152
)
(/data/projects/tzh/papers/ActMask/.tools/apt-texlive/usr/share/texlive/texmf-d
ist/tex/latex/amsmath/amsopn.sty
Package: amsopn 2022/04/08 v2.04 operator names
)
\inf@bad=\count199
LaTeX Info: Redefining \frac on input line 234.
\uproot@=\count266
\leftroot@=\count267
LaTeX Info: Redefining \overline on input line 399.
LaTeX Info: Redefining \colon on input line 410.
\classnum@=\count268
\DOTSCASE@=\count269
LaTeX Info: Redefining \ldots on input line 496.
LaTeX Info: Redefining \dots on input line 499.
LaTeX Info: Redefining \cdots on input line 620.
\Mathstrutbox@=\box52
\strutbox@=\box53
LaTeX Info: Redefining \big on input line 722.
LaTeX Info: Redefining \Big on input line 723.
LaTeX Info: Redefining \bigg on input line 724.
LaTeX Info: Redefining \Bigg on input line 725.
\big@size=\dimen153
LaTeX Font Info:    Redeclaring font encoding OML on input line 743.
LaTeX Font Info:    Redeclaring font encoding OMS on input line 744.
\macc@depth=\count270
LaTeX Info: Redefining \bmod on input line 905.
LaTeX Info: Redefining \pmod on input line 910.
LaTeX Info: Redefining \smash on input line 940.
LaTeX Info: Redefining \relbar on input line 970.
LaTeX Info: Redefining \Relbar on input line 971.
\c@MaxMatrixCols=\count271
\dotsspace@=\muskip16
\c@parentequation=\count272
\dspbrk@lvl=\count273
\tag@help=\toks19
\row@=\count274
\column@=\count275
\maxfields@=\count276
\andhelp@=\toks20
\eqnshift@=\dimen154
\alignsep@=\dimen155
\tagshift@=\dimen156
\tagwidth@=\dimen157
\totwidth@=\dimen158
\lineht@=\dimen159
\@envbody=\toks21
\multlinegap=\skip55
\multlinetaggap=\skip56
\mathdisplay@stack=\toks22
LaTeX Info: Redefining \[ on input line 2953.
LaTeX Info: Redefining \] on input line 2954.
)
(/data/projects/tzh/papers/ActMask/.tools/apt-texlive/usr/share/texlive/texmf-d
ist/tex/latex/amsfonts/amssymb.sty
Package: amssymb 2013/01/14 v3.01 AMS font symbols

(/data/projects/tzh/papers/ActMask/.tools/apt-texlive/usr/share/texlive/texmf-d
ist/tex/latex/amsfonts/amsfonts.sty
Package: amsfonts 2013/01/14 v3.01 Basic AMSFonts support
\symAMSa=\mathgroup4
\symAMSb=\mathgroup5
LaTeX Font Info:    Redeclaring math symbol \hbar on input line 98.
LaTeX Font Info:    Overwriting math alphabet `\mathfrak' in version `bold'
(Font)                  U/euf/m/n --> U/euf/b/n on input line 106.
))
(/data/projects/tzh/papers/ActMask/.tools/apt-texlive/usr/share/texlive/texmf-d
ist/tex/latex/booktabs/booktabs.sty
Package: booktabs 2020/01/12 v1.61803398 Publication quality tables
\heavyrulewidth=\dimen160
\lightrulewidth=\dimen161
\cmidrulewidth=\dimen162
\belowrulesep=\dimen163
\belowbottomsep=\dimen164
\aboverulesep=\dimen165
\abovetopsep=\dimen166
\cmidrulesep=\dimen167
\cmidrulekern=\dimen168
\defaultaddspace=\dimen169
\@cmidla=\count277
\@cmidlb=\count278
\@aboverulesep=\dimen170
\@belowrulesep=\dimen171
\@thisruleclass=\count279
\@lastruleclass=\count280
\@thisrulewidth=\dimen172
)
(/data/projects/tzh/papers/ActMask/.tools/apt-texlive/usr/share/texlive/texmf-d
ist/tex/latex/graphics/graphicx.sty
Package: graphicx 2021/09/16 v1.2d Enhanced LaTeX Graphics (DPC,SPQR)

(/data/projects/tzh/papers/ActMask/.tools/apt-texlive/usr/share/texlive/texmf-d
ist/tex/latex/graphics/keyval.sty
Package: keyval 2022/05/29 v1.15 key=value parser (DPC)
\KV@toks@=\toks23
)
(/data/projects/tzh/papers/ActMask/.tools/apt-texlive/usr/share/texlive/texmf-d
ist/tex/latex/graphics/graphics.sty
Package: graphics 2022/03/10 v1.4e Standard LaTeX Graphics (DPC,SPQR)

(/data/projects/tzh/papers/ActMask/.tools/apt-texlive/usr/share/texlive/texmf-d
ist/tex/latex/graphics/trig.sty
Package: trig 2021/08/11 v1.11 sin cos tan (DPC)
)
(/data/projects/tzh/papers/ActMask/.tools/apt-texlive/usr/share/texlive/texmf-d
ist/tex/latex/graphics-cfg/graphics.cfg
File: graphics.cfg 2016/06/04 v1.11 sample graphics configuration
)
Package graphics Info: Driver file: pdftex.def on input line 107.

(/data/projects/tzh/papers/ActMask/.tools/apt-texlive/usr/share/texlive/texmf-d
ist/tex/latex/graphics-def/pdftex.def
File: pdftex.def 2022/09/22 v1.2b Graphics/color driver for pdftex
))
\Gin@req@height=\dimen173
\Gin@req@width=\dimen174
)
(/data/projects/tzh/papers/ActMask/.tools/apt-texlive/usr/share/texlive/texmf-d
ist/tex/latex/url/url.sty
\Urlmuskip=\muskip17
Package: url 2013/09/16  ver 3.4  Verb mode for urls, etc.
)
(/data/projects/tzh/papers/ActMask/.tools/apt-texlive/usr/share/texlive/texmf-d
ist/tex/latex/sttools/flushend.sty
Package: flushend 2021/10/04 v4.0 Balancing columns in twocolumn mode
\flushend@@lastskip@a=\skip57
\flushend@@lastskip@b=\skip58
\flushend@@lastnode=\count281
\var@@loop@iter=\count282
\var@@temp@spread=\dimen175
\var@@temp@a=\dimen176
\var@@temp@loop=\dimen177
\flushend@@page@rule=\dimen178
\flushend@@varbox@lastpage=\box54
\flushend@@varbox@a=\box55
\flushend@@varbox@c=\box56
\flushend@@tempbox@a=\box57
\flushend@@tempbox@c=\box58
\flushend@@floatbox=\box59
\@viper=\box60
\hold@viper=\box61
\atColsBreak=\toks24
\atColsEnd=\toks25
\oldbreak@skip=\dimen179
)
(/data/projects/tzh/papers/ActMask/.tools/apt-texlive/usr/share/texlive/texmf-d
ist/tex/latex/l3backend/l3backend-pdftex.def
File: l3backend-pdftex.def 2024-01-04 L3 backend support: PDF output (pdfTeX)
\l__color_backend_stack_int=\count283
\l__pdf_internal_box=\box62
) (build_pdflatex/main.aux)
\openout1 = `main.aux'.

LaTeX Font Info:    Checking defaults for OML/cmm/m/it on input line 16.
LaTeX Font Info:    ... okay on input line 16.
LaTeX Font Info:    Checking defaults for OMS/cmsy/m/n on input line 16.
LaTeX Font Info:    ... okay on input line 16.
LaTeX Font Info:    Checking defaults for OT1/cmr/m/n on input line 16.
LaTeX Font Info:    ... okay on input line 16.
LaTeX Font Info:    Checking defaults for T1/cmr/m/n on input line 16.
LaTeX Font Info:    ... okay on input line 16.
LaTeX Font Info:    Checking defaults for TS1/cmr/m/n on input line 16.
LaTeX Font Info:    ... okay on input line 16.
LaTeX Font Info:    Checking defaults for OMX/cmex/m/n on input line 16.
LaTeX Font Info:    ... okay on input line 16.
LaTeX Font Info:    Checking defaults for U/cmr/m/n on input line 16.
LaTeX Font Info:    ... okay on input line 16.

(/data/projects/tzh/papers/ActMask/.tools/apt-texlive/usr/share/texlive/texmf-d
ist/tex/context/base/mkii/supp-pdf.mkii
[Loading MPS to PDF converter (version 2006.09.02).]
\scratchcounter=\count284
\scratchdimen=\dimen180
\scratchbox=\box63
\nofMPsegments=\count285
\nofMParguments=\count286
\everyMPshowfont=\toks26
\MPscratchCnt=\count287
\MPscratchDim=\dimen181
\MPnumerator=\count288
\makeMPintoPDFobject=\count289
\everyMPtoPDFconversion=\toks27
)
(/data/projects/tzh/papers/ActMask/.tools/apt-texlive/usr/share/texlive/texmf-d
ist/tex/latex/epstopdf-pkg/epstopdf-base.sty
Package: epstopdf-base 2020-01-24 v2.11 Base part for package epstopdf
Package epstopdf-base Info: Redefining graphics rule for `.eps' on input line 4
85.

(/data/projects/tzh/papers/ActMask/.tools/apt-texlive/usr/share/texlive/texmf-d
ist/tex/latex/latexconfig/epstopdf-sys.cfg
File: epstopdf-sys.cfg 2010/07/13 v1.3 Configuration of (r)epstopdf for TeX Liv
e
))
LaTeX Font Info:    Trying to load font information for U+msa on input line 80.


(/data/projects/tzh/papers/ActMask/.tools/apt-texlive/usr/share/texlive/texmf-d
ist/tex/latex/amsfonts/umsa.fd
File: umsa.fd 2013/01/14 v3.01 AMS symbols A
)
LaTeX Font Info:    Trying to load font information for U+msb on input line 80.


(/data/projects/tzh/papers/ActMask/.tools/apt-texlive/usr/share/texlive/texmf-d
ist/tex/latex/amsfonts/umsb.fd
File: umsb.fd 2013/01/14 v3.01 AMS symbols B
) [1{/data/projects/tzh/papers/ActMask/.tools/apt-texlive/var/lib/texmf/fonts/m
ap/pdftex/updmap/pdftex.map}{/data/projects/tzh/papers/ActMask/.tools/apt-texli
ve/usr/share/texlive/texmf-dist/fonts/enc/dvips/base/8r.enc}


]
<figures/state_audit_construction.png, id=10, 1011.78pt x 419.166pt>
File: figures/state_audit_construction.png Graphic file (type png)
<use figures/state_audit_construction.png>
Package pdftex.def Info: figures/state_audit_construction.png  used on input li
ne 171.
(pdftex.def)             Requested size: 495.77003pt x 205.39313pt.
 [2]
Underfull \hbox (badness 2600) in paragraph at lines 256--263
[]\OT1/ptm/m/n/10 The ob-ser-va-tion his-to-ries are al-so con-trolled rather
 []

[3 <./figures/state_audit_construction.png>]
(./generated/tables/state_results.tex) (./generated/tables/state_baselines.tex)
(./generated/tables/state_family_mechanism.tex)
(./generated/tables/state_ranking.tex) (./generated/tables/state_controls.tex)
LaTeX Font Info:    Trying to load font information for OT1+pcr on input line 4
03.

(/data/projects/tzh/papers/ActMask/.tools/apt-texlive/usr/share/texlive/texmf-d
ist/tex/latex/psnfss/ot1pcr.fd
File: ot1pcr.fd 2001/06/04 font definitions for OT1/pcr.
) (./generated/tables/wav_external_audit.tex)
<figures/visual_matched_histories.png, id=28, 1838.87pt x 556.0775pt>
File: figures/visual_matched_histories.png Graphic file (type png)
<use figures/visual_matched_histories.png>
Package pdftex.def Info: figures/visual_matched_histories.png  used on input li
ne 454.
(pdftex.def)             Requested size: 505.89pt x 152.97693pt.

[4]
Underfull \vbox (badness 10000) has occurred while \output is active []


(./generated/tables/visual_admission.tex)
Underfull \vbox (badness 10000) has occurred while \output is active []

 [5]
(./generated/tables/admission_decision.tex)
Underfull \vbox (badness 10000) has occurred while \output is active []

 [6 <./figures/visual_matched_histories.png (PNG copy)>] (build_pdflatex/main.b
bl [7])

** Conference Paper **
Before submitting the final camera ready copy, remember to:

 1. Manually equalize the lengths of two columns on the last page
 of your paper;

 2. Ensure that any PostScript and/or PDF output post-processing
 uses only Type 1 fonts and that every step in the generation
 process uses the US letter (8.5in X 11in) paper size.

[leftcolumn badness]: 1000000 on 18.0pt
[rightcolumn badness]: 1000000 on 18.0pt
[leftcolumn badness]: 1000000 on 18.0pt
[rightcolumn badness]: 1000000 on 18.0pt
- LAST -
Extra skip:0.0pt
Left:111.0pt/1.65195pt
Right:111.0pt/1.73193pt
Split: 111.5pt
Output:111.5pt
Pageshrink: 0.0pt
Pagestretch: 0.0pt
@colht:684.0pt
FLUSHEND [output]: 111.5pt
FLUSHEND [leftcolumn badness]: 4
FUSHEND [rightcolumn badness]: 12
[8] (build_pdflatex/main.aux)
 ***********
LaTeX2e <2023-11-01> patch level 1
L3 programming layer <2024-01-22>
 ***********
 ) 
Here is how much of TeX's memory you used:
 3544 strings out of 476195
 59176 string characters out of 5791832
 1956975 words of memory out of 5000000
 25477 multiletter control sequences out of 15000+600000
 597532 words of font info for 113 fonts, out of 8000000 for 9000
 14 hyphenation exceptions out of 8191
 57i,11n,65p,630b,315s stack positions out of 10000i,1000n,20000p,200000b,200000s
</data/projects/tzh/papers/ActMask/.tools/apt-texlive/usr/share/texlive/texmf
-dist/fonts/type1/public/amsfonts/cm/cmex10.pfb></data/projects/tzh/papers/ActM
ask/.tools/apt-texlive/usr/share/texlive/texmf-dist/fonts/type1/public/amsfonts
/cm/cmmi10.pfb></data/projects/tzh/papers/ActMask/.tools/apt-texlive/usr/share/
texlive/texmf-dist/fonts/type1/public/amsfonts/cm/cmmi7.pfb></data/projects/tzh
/papers/ActMask/.tools/apt-texlive/usr/share/texlive/texmf-dist/fonts/type1/pub
lic/amsfonts/cm/cmmi8.pfb></data/projects/tzh/papers/ActMask/.tools/apt-texlive
/usr/share/texlive/texmf-dist/fonts/type1/public/amsfonts/cm/cmr10.pfb></data/p
rojects/tzh/papers/ActMask/.tools/apt-texlive/usr/share/texlive/texmf-dist/font
s/type1/public/amsfonts/cm/cmr6.pfb></data/projects/tzh/papers/ActMask/.tools/a
pt-texlive/usr/share/texlive/texmf-dist/fonts/type1/public/amsfonts/cm/cmr7.pfb
></data/projects/tzh/papers/ActMask/.tools/apt-texlive/usr/share/texlive/texmf-
dist/fonts/type1/public/amsfonts/cm/cmr8.pfb></data/projects/tzh/papers/ActMask
/.tools/apt-texlive/usr/share/texlive/texmf-dist/fonts/type1/public/amsfonts/cm
/cmsy10.pfb></data/projects/tzh/papers/ActMask/.tools/apt-texlive/usr/share/tex
live/texmf-dist/fonts/type1/public/amsfonts/cm/cmsy7.pfb></data/projects/tzh/pa
pers/ActMask/.tools/apt-texlive/usr/share/texlive/texmf-dist/fonts/type1/public
/amsfonts/cm/cmsy8.pfb></data/projects/tzh/papers/ActMask/.tools/apt-texlive/us
r/share/texlive/texmf-dist/fonts/type1/urw/courier/ucrr8a.pfb></data/projects/t
zh/papers/ActMask/.tools/apt-texlive/usr/share/texlive/texmf-dist/fonts/type1/u
rw/times/utmb8a.pfb></data/projects/tzh/papers/ActMask/.tools/apt-texlive/usr/s
hare/texlive/texmf-dist/fonts/type1/urw/times/utmbi8a.pfb></data/projects/tzh/p
apers/ActMask/.tools/apt-texlive/usr/share/texlive/texmf-dist/fonts/type1/urw/t
imes/utmr8a.pfb></data/projects/tzh/papers/ActMask/.tools/apt-texlive/usr/share
/texlive/texmf-dist/fonts/type1/urw/times/utmri8a.pfb>
Output written on build_pdflatex/main.pdf (8 pages, 399616 bytes).
PDF statistics:
 116 PDF objects out of 1000 (max. 8388607)
 70 compressed objects within 1 object stream
 0 named destinations out of 1000 (max. 500000)
 11 words of extra memory for PDF output out of 10000 (max. 10000000)

