/data/envs/actmask-audit/lib/python3.11/site-packages/sapien/_vulkan_tricks.py:42: UserWarning: Failed to find system libvulkan. Fallback to SAPIEN builtin libvulkan.
  warn("Failed to find system libvulkan. Fallback to SAPIEN builtin libvulkan.")
/data/envs/actmask-audit/lib/python3.11/site-packages/sapien/_vulkan_tricks.py:78: UserWarning: Failed to find Vulkan ICD file. This is probably due to an incorrect or partial installation of the NVIDIA driver. SAPIEN will attempt to provide an ICD file anyway but it may not work.
  warn(
{
  "accepted_pairs": 1,
  "audit": {
    "label_flip_rate": 1.0,
    "max_matching_error": 0.0,
    "pair_swap_max_error": 0.0,
    "pairs": 1
  },
  "candidate_executions": 4,
  "candidates": 2,
  "condition": "temporal_ood",
  "config_sha256": "9dc510bdec94e4715df96f6cc6f960f932d4dd37babea957e0f14325cf98e564",
  "examples": 2,
  "generation_seconds": 15.275697346776724,
  "label_balance": 0.5,
  "mechanisms": [
    "hysteretic_mode_memory"
  ],
  "worlds": 1
}
