{
  "status": "completed_with_mismatch",
  "matched_rows": 2,
  "matched_outcomes": 2,
  "metadata_all_exact": true,
  "outcomes_all_exact": true,
  "all_arrays_exact": false,
  "max_array_abs_error": 1.7642974853515625e-05,
  "retention_filter": {
    "attempted_pairs": 2,
    "flip_pairs": 1,
    "nonflip_pairs": 1,
    "retained_pairs": 1,
    "retained_exactly_equals_flip_pairs": true,
    "fresh_and_frozen_flip_status_exact": true,
    "outcome_flip_invariant": true,
    "retained_pair_branches_exact": true,
    "required_nonflip_present": true
  }
}
